../Drivers/CMSIS/Include/core_cm4.h:1816:22:__NVIC_SetPriority	16	static
../Core/Src/main.c:119:5:main	8	static
../Core/Src/main.c:188:6:SystemClock_Config	88	static
../Core/Src/main.c:230:13:MX_USART2_UART_Init	8	static
../Core/Src/main.c:263:13:MX_GPIO_Init	16	static
../Core/Src/main.c:277:7:Avg_V_Supply	24	static
../Core/Src/main.c:291:7:Avg_V_in	24	static
../Core/Src/main.c:306:6:sense_V_supply	24	static
../Core/Src/main.c:322:6:sense_V_in	24	static
../Core/Src/main.c:337:7:adcValtoVolts	32	static
../Core/Src/main.c:346:6:LED_init	4	static
../Core/Src/main.c:356:6:switchpressed	4	static
../Core/Src/main.c:369:6:Switch_init	4	static
../Core/Src/main.c:390:6:Precharge	8	static
../Core/Src/main.c:432:6:ConfigureVoltageSourcePin	4	static
../Core/Src/main.c:458:6:adc_init	8	static
../Core/Src/main.c:488:10:read_adc	24	static
../Core/Src/main.c:504:5:adc_check	16	static
../Core/Src/main.c:512:6:DelayMS	16	static
../Core/Src/main.c:526:6:SysTick_Init	16	static
../Core/Src/main.c:545:6:DelayMSW	24	static
../Core/Src/main.c:553:6:SysTick_Handler	4	static
../Core/Src/main.c:562:6:Voltage_Print	16	static
../Core/Src/main.c:571:6:printTimestamp	8	static
../Core/Src/main.c:576:7:Average	32	static
../Core/Src/main.c:598:6:Error_Handler	4	static,ignoring_inline_asm
