../Drivers/CMSIS/Include/core_cm4.h:1688:22:__NVIC_EnableIRQ	16	static
../Drivers/CMSIS/Include/core_cm4.h:1816:22:__NVIC_SetPriority	16	static
../Core/Src/main.c:144:5:main	16	static
../Core/Src/main.c:215:6:SystemClock_Config	88	static
../Core/Src/main.c:257:13:MX_USART2_UART_Init	8	static
../Core/Src/main.c:290:13:MX_GPIO_Init	16	static
../Core/Src/main.c:304:5:debounceSwitch	24	static
../Core/Src/main.c:322:6:EXTI0_IRQHandler	4	static
../Core/Src/main.c:332:6:EXTI_Init	8	static
../Core/Src/main.c:355:7:Avg_and_remove_outliers_V_Supply	24	static
../Core/Src/main.c:372:7:Avg_and_remove_outliers_V_in	24	static
../Core/Src/main.c:389:6:sense_V_supply	24	static
../Core/Src/main.c:407:6:sense_V_in	24	static
../Core/Src/main.c:428:7:adcValtoVolts	32	static
../Core/Src/main.c:435:6:LED_init	4	static
../Core/Src/main.c:443:5:time_expired	24	static
../Core/Src/main.c:453:6:Precharge	8	static
../Core/Src/main.c:490:6:ConfigureVoltageSourcePin	4	static
../Core/Src/main.c:514:6:adc_init	8	static
../Core/Src/main.c:542:10:read_adc	24	static
../Core/Src/main.c:558:6:SysTick_Init	16	static
../Core/Src/main.c:576:6:DelayMSW	24	static
../Core/Src/main.c:584:6:SysTick_Handler	4	static
../Core/Src/main.c:598:6:Voltage_Print	16	static
../Core/Src/main.c:606:6:printTimestamp	8	static
../Core/Src/main.c:611:7:Average	32	static
../Core/Src/main.c:628:6:supplySenseLoop	8	static
../Core/Src/main.c:641:6:PreChargeRelayCTRL	16	static
../Core/Src/main.c:649:6:ContactorRelayCTRL	16	static
../Core/Src/main.c:657:5:PreChargeRelayIsOff	16	static
../Core/Src/main.c:671:6:Error_Handler	4	static,ignoring_inline_asm
