../Drivers/CMSIS/Include/core_cm4.h:1816:22:__NVIC_SetPriority	16	static
../Core/Src/main.c:89:5:main	8	static
../Core/Src/main.c:147:6:SystemClock_Config	88	static
../Core/Src/main.c:189:13:MX_USART2_UART_Init	8	static
../Core/Src/main.c:222:13:MX_GPIO_Init	16	static
../Core/Src/main.c:236:7:adcValtoVolts	24	static
../Core/Src/main.c:241:6:LED_init	4	static
../Core/Src/main.c:250:6:switchpressed	4	static
../Core/Src/main.c:272:6:Switch_init	4	static
../Core/Src/main.c:293:6:Precharge	16	static
../Core/Src/main.c:313:6:ConfigureVoltageSourcePin	4	static
../Core/Src/main.c:331:6:adc_init	8	static
../Core/Src/main.c:358:10:adc_rx	16	static
../Core/Src/main.c:366:10:read_adc	24	static
../Core/Src/main.c:382:5:adc_check	16	static
../Core/Src/main.c:390:6:DelayMS	24	static
../Core/Src/main.c:399:6:SysTick_Init	16	static
../Core/Src/main.c:418:6:SysTick_Handler	4	static
../Core/Src/main.c:432:6:Error_Handler	4	static,ignoring_inline_asm
