../Drivers/CMSIS/Include/core_cm4.h:1688:22:__NVIC_EnableIRQ	16	static
../Drivers/CMSIS/Include/core_cm4.h:1816:22:__NVIC_SetPriority	16	static
../Core/Src/main.c:140:5:main	16	static
../Core/Src/main.c:207:6:SystemClock_Config	88	static
../Core/Src/main.c:249:13:MX_USART2_UART_Init	8	static
../Core/Src/main.c:282:13:MX_GPIO_Init	16	static
../Core/Src/main.c:296:5:debounceSwitch	24	static
../Core/Src/main.c:315:6:EXTI0_IRQHandler	4	static
../Core/Src/main.c:325:6:EXTI_Init	8	static
../Core/Src/main.c:348:7:Avg_and_remove_outliers_V_Supply	24	static
../Core/Src/main.c:361:7:Avg_and_remove_outliers_V_in	24	static
../Core/Src/main.c:374:6:sense_V_supply	24	static
../Core/Src/main.c:389:6:sense_V_in	24	static
../Core/Src/main.c:404:7:adcValtoVolts	32	static
../Core/Src/main.c:412:6:LED_init	4	static
../Core/Src/main.c:420:5:time_expired	24	static
../Core/Src/main.c:430:6:Precharge	8	static
../Core/Src/main.c:463:6:ConfigureVoltageSourcePin	4	static
../Core/Src/main.c:488:6:adc_init	8	static
../Core/Src/main.c:516:10:read_adc	24	static
../Core/Src/main.c:532:6:SysTick_Init	16	static
../Core/Src/main.c:550:6:DelayMSW	24	static
../Core/Src/main.c:558:6:SysTick_Handler	4	static
../Core/Src/main.c:572:6:Voltage_Print	16	static
../Core/Src/main.c:580:6:printTimestamp	8	static
../Core/Src/main.c:585:7:Average	32	static
../Core/Src/main.c:601:6:EnableInterrupts	8	static,ignoring_inline_asm
../Core/Src/main.c:608:6:supplySenseLoop	8	static
../Core/Src/main.c:628:6:Error_Handler	4	static,ignoring_inline_asm
