../Drivers/CMSIS/Include/core_cm4.h:1816:22:__NVIC_SetPriority	16	static
../Core/Src/main.c:94:5:main	8	static
../Core/Src/main.c:153:6:SystemClock_Config	88	static
../Core/Src/main.c:195:13:MX_USART2_UART_Init	8	static
../Core/Src/main.c:228:13:MX_GPIO_Init	16	static
../Core/Src/main.c:242:7:adcValtoVolts	32	static
../Core/Src/main.c:250:6:LED_init	4	static
../Core/Src/main.c:259:6:switchpressed	4	static
../Core/Src/main.c:271:6:Switch_init	4	static
../Core/Src/main.c:292:6:Precharge	16	static
../Core/Src/main.c:314:6:ConfigureVoltageSourcePin	4	static
../Core/Src/main.c:333:6:adc_init	8	static
../Core/Src/main.c:361:10:adc_rx	16	static
../Core/Src/main.c:369:10:read_adc	24	static
../Core/Src/main.c:385:5:adc_check	16	static
../Core/Src/main.c:393:6:DelayMS	24	static
../Core/Src/main.c:402:6:SysTick_Init	16	static
../Core/Src/main.c:421:6:SysTick_Handler	4	static
../Core/Src/main.c:430:6:Voltage_Measurement	16	static
../Core/Src/main.c:439:6:printTimestamp	8	static
../Core/Src/main.c:449:6:Error_Handler	4	static,ignoring_inline_asm
