../Drivers/CMSIS/Include/core_cm4.h:1816:22:__NVIC_SetPriority	16	static
../Core/Src/main.c:94:5:main	8	static
../Core/Src/main.c:153:6:SystemClock_Config	88	static
../Core/Src/main.c:195:13:MX_USART2_UART_Init	8	static
../Core/Src/main.c:228:13:MX_GPIO_Init	16	static
../Core/Src/main.c:242:7:adcValtoVolts	24	static
../Core/Src/main.c:247:6:LED_init	4	static
../Core/Src/main.c:256:6:switchpressed	4	static
../Core/Src/main.c:278:6:Switch_init	4	static
../Core/Src/main.c:299:6:Precharge	16	static
../Core/Src/main.c:321:6:ConfigureVoltageSourcePin	4	static
../Core/Src/main.c:339:6:adc_init	8	static
../Core/Src/main.c:367:10:adc_rx	16	static
../Core/Src/main.c:375:10:read_adc	24	static
../Core/Src/main.c:391:5:adc_check	16	static
../Core/Src/main.c:399:6:DelayMS	24	static
../Core/Src/main.c:408:6:SysTick_Init	16	static
../Core/Src/main.c:427:6:SysTick_Handler	4	static
../Core/Src/main.c:435:6:Voltage_Measurement	24	static
../Core/Src/main.c:447:6:printTimestamp	8	static
../Core/Src/main.c:457:6:Error_Handler	4	static,ignoring_inline_asm
