../Drivers/CMSIS/Include/core_cm4.h:1688:22:__NVIC_EnableIRQ	16	static
../Drivers/CMSIS/Include/core_cm4.h:1816:22:__NVIC_SetPriority	16	static
../Core/Src/main.c:148:5:main	16	static
../Core/Src/main.c:219:6:SystemClock_Config	88	static
../Core/Src/main.c:261:13:MX_USART2_UART_Init	8	static
../Core/Src/main.c:294:13:MX_GPIO_Init	16	static
../Core/Src/main.c:308:5:debounceSwitch	24	static
../Core/Src/main.c:326:6:EXTI0_IRQHandler	4	static
../Core/Src/main.c:336:6:EXTI_Init	8	static
../Core/Src/main.c:359:7:Avg_and_remove_outliers_V_Supply	24	static
../Core/Src/main.c:376:7:Avg_and_remove_outliers_V_in	24	static
../Core/Src/main.c:393:6:sense_V_supply	24	static
../Core/Src/main.c:411:6:sense_V_in	24	static
../Core/Src/main.c:429:7:adcValtoVolts	32	static
../Core/Src/main.c:436:6:LED_init	4	static
../Core/Src/main.c:444:5:time_expired	24	static
../Core/Src/main.c:454:6:Precharge	8	static
../Core/Src/main.c:493:6:ConfigureVoltageSourcePin	4	static
../Core/Src/main.c:518:6:adc_init	8	static
../Core/Src/main.c:546:10:read_adc	24	static
../Core/Src/main.c:562:6:SysTick_Init	16	static
../Core/Src/main.c:580:6:DelayMSW	24	static
../Core/Src/main.c:588:6:SysTick_Handler	4	static
../Core/Src/main.c:602:6:Voltage_Print	16	static
../Core/Src/main.c:610:6:printTimestamp	8	static
../Core/Src/main.c:615:7:Average	32	static
../Core/Src/main.c:632:6:supplySenseLoop	8	static
../Core/Src/main.c:645:6:PreChargeRelayCTRL	16	static
../Core/Src/main.c:653:6:ContactorRelayCTRL	16	static
../Core/Src/main.c:661:5:PreChargeRelayIsOff	16	static
../Core/Src/main.c:675:6:Error_Handler	4	static,ignoring_inline_asm
