../Drivers/CMSIS/Include/core_cm4.h:1688:22:__NVIC_EnableIRQ	16	static
../Drivers/CMSIS/Include/core_cm4.h:1816:22:__NVIC_SetPriority	16	static
../Core/Src/main.c:132:5:main	8	static
../Core/Src/main.c:187:6:SystemClock_Config	88	static
../Core/Src/main.c:229:13:MX_USART2_UART_Init	8	static
../Core/Src/main.c:262:13:MX_GPIO_Init	16	static
../Core/Src/main.c:276:6:EXTI0_IRQHandler	8	static
../Core/Src/main.c:292:6:EXTI_Init	8	static
../Core/Src/main.c:315:7:Avg_and_remove_outliers_V_Supply	24	static
../Core/Src/main.c:328:7:Avg_and_remove_outliers_V_in	24	static
../Core/Src/main.c:341:6:sense_V_supply	24	static
../Core/Src/main.c:356:6:sense_V_in	24	static
../Core/Src/main.c:371:7:adcValtoVolts	32	static
../Core/Src/main.c:379:6:LED_init	4	static
../Core/Src/main.c:387:5:time_expired	24	static
../Core/Src/main.c:397:6:Precharge	8	static
../Core/Src/main.c:430:6:ConfigureVoltageSourcePin	4	static
../Core/Src/main.c:455:6:adc_init	8	static
../Core/Src/main.c:483:10:read_adc	24	static
../Core/Src/main.c:499:6:SysTick_Init	16	static
../Core/Src/main.c:517:6:DelayMSW	24	static
../Core/Src/main.c:525:6:SysTick_Handler	4	static
../Core/Src/main.c:539:6:Voltage_Print	16	static
../Core/Src/main.c:547:6:printTimestamp	8	static
../Core/Src/main.c:552:7:Average	32	static
../Core/Src/main.c:568:6:EnableInterrupts	8	static,ignoring_inline_asm
../Core/Src/main.c:575:6:supplySenseLoop	8	static
../Core/Src/main.c:595:6:Error_Handler	4	static,ignoring_inline_asm
